history=  0 as-of now  hybrid (default)  found  20/20 [0.84, 1.00]
history=  0 as-of now  fulltext only     found  20/20 [0.84, 1.00]
history=  0 as-of now  vector only       found  20/20 [0.84, 1.00]
history= 10 as-of now  hybrid (default)  found  20/20 [0.84, 1.00]
history= 10 as-of now  fulltext only     found  20/20 [0.84, 1.00]
history= 10 as-of now  vector only       found  20/20 [0.84, 1.00]
history= 10 as-of past hybrid (default)  found  20/20 [0.84, 1.00]
history= 10 as-of past fulltext only     found  20/20 [0.84, 1.00]
history= 10 as-of past vector only       found  20/20 [0.84, 1.00]
history= 20 as-of now  hybrid (default)  found  20/20 [0.84, 1.00]
history= 20 as-of now  fulltext only     found  20/20 [0.84, 1.00]
history= 20 as-of now  vector only       found  20/20 [0.84, 1.00]
history= 20 as-of past hybrid (default)  found  20/20 [0.84, 1.00]
history= 20 as-of past fulltext only     found  19/20 [0.76, 0.99]
history= 20 as-of past vector only       found  20/20 [0.84, 1.00]
history= 50 as-of now  hybrid (default)  found  20/20 [0.84, 1.00]
history= 50 as-of now  fulltext only     found   7/20 [0.18, 0.57]
history= 50 as-of now  vector only       found  20/20 [0.84, 1.00]
history= 50 as-of past hybrid (default)  found  20/20 [0.84, 1.00]
history= 50 as-of past fulltext only     found   9/20 [0.26, 0.66]
history= 50 as-of past vector only       found  20/20 [0.84, 1.00]
