history=  0 as-of now  hybrid (default)  found  20/20 [0.84, 1.00]
history=  0 as-of now  fulltext only     found  20/20 [0.84, 1.00]
history=  0 as-of now  vector only       found  20/20 [0.84, 1.00]
history= 10 as-of now  hybrid (default)  found  20/20 [0.84, 1.00]
history= 10 as-of now  fulltext only     found  20/20 [0.84, 1.00]
history= 10 as-of now  vector only       found  20/20 [0.84, 1.00]
history= 10 as-of past hybrid (default)  found  20/20 [0.84, 1.00]
history= 10 as-of past fulltext only     found  20/20 [0.84, 1.00]
history= 10 as-of past vector only       found  20/20 [0.84, 1.00]
history= 20 as-of now  hybrid (default)  found  20/20 [0.84, 1.00]
history= 20 as-of now  fulltext only     found  20/20 [0.84, 1.00]
history= 20 as-of now  vector only       found  20/20 [0.84, 1.00]
history= 20 as-of past hybrid (default)  found  20/20 [0.84, 1.00]
history= 20 as-of past fulltext only     found  20/20 [0.84, 1.00]
history= 20 as-of past vector only       found  20/20 [0.84, 1.00]
history= 50 as-of now  hybrid (default)  found  20/20 [0.84, 1.00]
history= 50 as-of now  fulltext only     found  20/20 [0.84, 1.00]
history= 50 as-of now  vector only       found  20/20 [0.84, 1.00]
history= 50 as-of past hybrid (default)  found  20/20 [0.84, 1.00]
history= 50 as-of past fulltext only     found  20/20 [0.84, 1.00]
history= 50 as-of past vector only       found  20/20 [0.84, 1.00]
